[0;34m[2026-05-21 18:41:05][0m Starting workload execution phase
[0;34m[2026-05-21 18:41:05][0m Device ID: device-1779388863
[0;34m[2026-05-21 18:41:05][0m Base URL: https://symphony.machine:8082/v1alpha2/margo
[0;34m[2026-05-21 18:41:05][0m Client ID: client-54a95263aef07cd9-1779388865
[0;34m[2026-05-21 18:41:05][0m 
[0;34m[2026-05-21 18:41:05][0m Phase 1: Query deployments from WFM
[0;34m[2026-05-21 18:41:05][0m ==================================
[0;34m[2026-05-21 18:41:05][0m Requesting: GET /api/v1/clients/client-54a95263aef07cd9-1779388865/deployments
[0;32m✅ Received response (size: 98 bytes)[0m
[0;32m✅ Found 0 deployments[0m
[0;34m[2026-05-21 18:41:05][0m 
[0;34m[2026-05-21 18:41:05][0m Phase 2: Retrieve deployment bundles
[0;34m[2026-05-21 18:41:05][0m ====================================
[0;34m[2026-05-21 18:41:05][0m Requesting: GET /api/v1/clients/client-54a95263aef07cd9-1779388865/bundles/null
[0;32m✅ Received response (size: 37 bytes)[0m
[0;32m✅ Retrieved bundle details[0m
[0;34m[2026-05-21 18:41:05][0m 
[0;34m[2026-05-21 18:41:05][0m Phase 3: Execute workloads in Docker
[0;34m[2026-05-21 18:41:05][0m ====================================
[0;34m[2026-05-21 18:41:05][0m Workloads array format detected (legacy)
[0;34m[2026-05-21 18:41:05][0m 
[0;34m[2026-05-21 18:41:05][0m Phase 4: Verify deployed containers
[0;34m[2026-05-21 18:41:05][0m ====================================
[1;33m⚠️  No containers executed[0m
[0;34m[2026-05-21 18:41:05][0m 
[0;34m[2026-05-21 18:41:05][0m Phase 5: Report deployment status to WFM
[0;34m[2026-05-21 18:41:05][0m ========================================
[0;34m[2026-05-21 18:41:05][0m Requesting: POST /api/v1/clients/client-54a95263aef07cd9-1779388865/deployments/null/status
[0;32m✅ Received response (size: 37 bytes)[0m
[0;32m✅ Deployment status reported to WFM[0m
[0;34m[2026-05-21 18:41:05][0m 
[0;34m[2026-05-21 18:41:05][0m ==================================================
[0;34m[2026-05-21 18:41:05][0m   Execution Summary
[0;34m[2026-05-21 18:41:05][0m ==================================================
[0;34m[2026-05-21 18:41:05][0m Device ID: device-1779388863
[0;34m[2026-05-21 18:41:05][0m Client ID: client-54a95263aef07cd9-1779388865
[0;34m[2026-05-21 18:41:05][0m Deployment ID: null
[0;34m[2026-05-21 18:41:05][0m Containers executed: 0
[0;34m[2026-05-21 18:41:05][0m Failed executions: 0
[0;34m[2026-05-21 18:41:05][0m Execution log: newman-data/execution.log
[0;34m[2026-05-21 18:41:05][0m 
[0;34m[2026-05-21 18:41:05][0m To clean up deployed containers:
[0;34m[2026-05-21 18:41:05][0m   ./4-cleanup.sh
[0;34m[2026-05-21 18:41:05][0m 
[0;32m✅ Workload execution phase complete[0m
